2026-01-26 12:06:24,410 - INFO - 已打开页面：如果需要验证码请手动完成，然后回到控制台按回车继续。
2026-01-26 12:06:31,857 - INFO - 正在抓取新闻页面: https://archive.ph/MkuJK
2026-01-26 12:07:16,813 - INFO - 已打开页面：如果需要验证码请手动完成，然后回到控制台按回车继续。
2026-01-26 12:07:46,802 - ERROR - 解析HTML失败: list index out of range
2026-01-26 12:07:47,087 - ERROR - Playwright抓取失败: cannot unpack non-iterable NoneType object
2026-01-26 12:10:27,643 - INFO - 已打开页面：如果需要验证码请手动完成，然后回到控制台按回车继续。
2026-01-26 12:10:31,096 - ERROR - Playwright抓取失败: Target page, context or browser has been closed
=========================== logs ===========================
"load" event fired
============================================================
2026-01-26 12:10:54,864 - INFO - 已打开页面：如果需要验证码请手动完成，然后回到控制台按回车继续。
2026-01-26 12:11:02,823 - INFO - 正在抓取新闻页面: https://archive.ph/MkuJK
2026-01-26 13:03:30,484 - INFO - 已打开页面：如果需要验证码请手动完成，然后回到控制台按回车继续。
2026-01-26 13:03:34,213 - ERROR - Playwright抓取失败: Target page, context or browser has been closed
2026-01-26 13:04:25,869 - INFO - 已打开页面：如果需要验证码请手动完成，然后回到控制台按回车继续。
2026-01-26 13:04:34,285 - INFO - 正在抓取新闻页面: https://archive.ph/MkuJK
2026-01-26 14:42:46,392 - INFO - 已打开页面：如果需要验证码请手动完成，然后回到控制台按回车继续。
2026-01-26 14:42:54,828 - INFO - 正在抓取新闻页面: https://archive.ph/MkuJK
2026-01-26 14:43:25,900 - INFO - 已打开页面：如果需要验证码请手动完成，然后回到控制台按回车继续。
2026-01-26 14:43:34,659 - INFO - 正在抓取新闻页面: https://archive.ph/MkuJK
2026-01-26 14:53:05,804 - INFO - 已打开页面：如果需要验证码请手动完成，然后回到控制台按回车继续。
2026-01-26 14:53:14,865 - INFO - 正在抓取新闻页面: https://archive.ph/MkuJK
